2025-12-12 08:25:22,069:DEBUG:certbot._internal.main:certbot version: 5.1.0
2025-12-12 08:25:22,069:DEBUG:certbot._internal.main:Location of certbot entry point: /opt/certbot/bin/certbot
2025-12-12 08:25:22,069:DEBUG:certbot._internal.main:Arguments: ['--config', '/etc/letsencrypt.ini', '--work-dir', '/tmp/letsencrypt-lib', '--logs-dir', '/data/logs', '--cert-name', 'npm-4', '--agree-tos', '-m', 'ps225262@summacollege.nl', '--preferred-challenges', 'dns', '--domains', '*.summastoringen.nl', '--authenticator', 'dns-cloudflare', '--dns-cloudflare-credentials', '/etc/letsencrypt/credentials/credentials-4', '--dns-cloudflare-propagation-seconds', '60']
2025-12-12 08:25:22,069:DEBUG:certbot._internal.main:Discovered plugins: PluginsRegistry(PluginEntryPoint#dns-cloudflare,PluginEntryPoint#manual,PluginEntryPoint#null,PluginEntryPoint#standalone,PluginEntryPoint#webroot)
2025-12-12 08:25:22,791:DEBUG:certbot._internal.log:Root logging level set at 30
2025-12-12 08:25:22,836:DEBUG:certbot._internal.plugins.selection:Requested authenticator dns-cloudflare and installer None
2025-12-12 08:25:22,839:DEBUG:certbot._internal.plugins.selection:Single candidate plugin: * dns-cloudflare
Description: Obtain certificates using a DNS TXT record (if you are using Cloudflare for DNS).
Interfaces: Authenticator, Plugin
Entry point: EntryPoint(name='dns-cloudflare', value='certbot_dns_cloudflare._internal.dns_cloudflare:Authenticator', group='certbot.plugins')
Initialized: <certbot_dns_cloudflare._internal.dns_cloudflare.Authenticator object at 0x7f9f7bd1ca10>
Prep: True
2025-12-12 08:25:22,843:DEBUG:certbot._internal.plugins.selection:Selected authenticator <certbot_dns_cloudflare._internal.dns_cloudflare.Authenticator object at 0x7f9f7bd1ca10> and installer None
2025-12-12 08:25:22,846:INFO:certbot._internal.plugins.selection:Plugins selected: Authenticator dns-cloudflare, Installer None
2025-12-12 08:25:22,975:DEBUG:certbot._internal.main:Picked account: <Account(RegistrationResource(body=Registration(key=None, contact=(), agreement=None, status=None, terms_of_service_agreed=None, only_return_existing=None, external_account_binding=None), uri='https://acme-v02.api.letsencrypt.org/acme/acct/2866812806', new_authzr_uri=None, terms_of_service=None), c07739a37f0d8a78edeb971ff98f28bc, Meta(creation_dt=datetime.datetime(2025, 12, 10, 13, 19, 3, tzinfo=datetime.timezone.utc), creation_host='600de0b9d1b0', register_to_eff=None))>
2025-12-12 08:25:22,980:DEBUG:acme.client:Sending GET request to https://acme-v02.api.letsencrypt.org/directory.
2025-12-12 08:25:22,986:DEBUG:urllib3.connectionpool:Starting new HTTPS connection (1): acme-v02.api.letsencrypt.org:443
2025-12-12 08:25:24,188:DEBUG:urllib3.connectionpool:https://acme-v02.api.letsencrypt.org:443 "GET /directory HTTP/1.1" 200 1063
2025-12-12 08:25:24,192:DEBUG:acme.client:Received response:
HTTP 200
Server: nginx
Date: Fri, 12 Dec 2025 08:25:23 GMT
Content-Type: application/json
Content-Length: 1063
Connection: keep-alive
Cache-Control: public, max-age=0, no-cache
X-Frame-Options: DENY
Strict-Transport-Security: max-age=604800

{
  "keyChange": "https://acme-v02.api.letsencrypt.org/acme/key-change",
  "meta": {
    "caaIdentities": [
      "letsencrypt.org"
    ],
    "profiles": {
      "classic": "https://letsencrypt.org/docs/profiles#classic",
      "shortlived": "https://letsencrypt.org/docs/profiles#shortlived (not yet generally available)",
      "tlsclient": "https://letsencrypt.org/docs/profiles#tlsclient",
      "tlsserver": "https://letsencrypt.org/docs/profiles#tlsserver"
    },
    "termsOfService": "https://letsencrypt.org/documents/LE-SA-v1.6-August-18-2025.pdf",
    "website": "https://letsencrypt.org"
  },
  "newAccount": "https://acme-v02.api.letsencrypt.org/acme/new-acct",
  "newNonce": "https://acme-v02.api.letsencrypt.org/acme/new-nonce",
  "newOrder": "https://acme-v02.api.letsencrypt.org/acme/new-order",
  "renewalInfo": "https://acme-v02.api.letsencrypt.org/acme/renewal-info",
  "revokeCert": "https://acme-v02.api.letsencrypt.org/acme/revoke-cert",
  "wvlCPARUWho": "https://community.letsencrypt.org/t/adding-random-entries-to-the-directory/33417"
}
2025-12-12 08:25:24,216:DEBUG:certbot._internal.display.obj:Notifying user: Requesting a certificate for *.summastoringen.nl
2025-12-12 08:25:24,221:DEBUG:acme.client:Requesting fresh nonce
2025-12-12 08:25:24,224:DEBUG:acme.client:Sending HEAD request to https://acme-v02.api.letsencrypt.org/acme/new-nonce.
2025-12-12 08:25:24,373:DEBUG:urllib3.connectionpool:https://acme-v02.api.letsencrypt.org:443 "HEAD /acme/new-nonce HTTP/1.1" 200 0
2025-12-12 08:25:24,377:DEBUG:acme.client:Received response:
HTTP 200
Server: nginx
Date: Fri, 12 Dec 2025 08:25:23 GMT
Connection: keep-alive
Cache-Control: public, max-age=0, no-cache
Link: <https://acme-v02.api.letsencrypt.org/directory>;rel="index"
Replay-Nonce: ZTffkyY991DiqaIPJYxK1wKaGjzMaM3CQCdHF3X19V8Y9txuAkk
X-Frame-Options: DENY
Strict-Transport-Security: max-age=604800


2025-12-12 08:25:24,383:DEBUG:acme.client:Storing nonce: ZTffkyY991DiqaIPJYxK1wKaGjzMaM3CQCdHF3X19V8Y9txuAkk
2025-12-12 08:25:24,390:DEBUG:acme.client:JWS payload:
b'{\n  "identifiers": [\n    {\n      "type": "dns",\n      "value": "*.summastoringen.nl"\n    }\n  ]\n}'
2025-12-12 08:25:24,399:DEBUG:acme.client:Sending POST request to https://acme-v02.api.letsencrypt.org/acme/new-order:
{
  "protected": "eyJhbGciOiAiUlMyNTYiLCAia2lkIjogImh0dHBzOi8vYWNtZS12MDIuYXBpLmxldHNlbmNyeXB0Lm9yZy9hY21lL2FjY3QvMjg2NjgxMjgwNiIsICJub25jZSI6ICJaVGZma3lZOTkxRGlxYUlQSll4SzF3S2FHanpNYU0zQ1FDZEhGM1gxOVY4WTl0eHVBa2siLCAidXJsIjogImh0dHBzOi8vYWNtZS12MDIuYXBpLmxldHNlbmNyeXB0Lm9yZy9hY21lL25ldy1vcmRlciJ9",
  "signature": "u_AKBh8Q-dEU4lA-teWdkugKS7uNcgsL_rbjF0EUwHZn4F-a4_-hm_Bp_jkJdDJNMx61EQhqTCJ6VacJZo_Hc0lgBFutPpXw7ofFZZ5IsQxWprNfXdfGGVObobYMy1h4-AwrSaFtHeM686R09YFluEbysQ3M9aFvF5n1dkeyaHpPdF7cid7w0G5YJX-mOI8ZY3ANXYpOSmP9ugLzOszV7sEwc76mxbTNGdaOdoPEj7FzXx-UDzNAmaVCmFxttDtSU19C5jo1CwwG9mBalA3W9Y5kH3pp3FfFK5h9Cd8A1jtYtdlgkIqL4CkE4Oa7fIvI3SrNQNGYtbmUSHUJhdWC2g",
  "payload": "ewogICJpZGVudGlmaWVycyI6IFsKICAgIHsKICAgICAgInR5cGUiOiAiZG5zIiwKICAgICAgInZhbHVlIjogIiouc3VtbWFzdG9yaW5nZW4ubmwiCiAgICB9CiAgXQp9"
}
2025-12-12 08:25:24,675:DEBUG:urllib3.connectionpool:https://acme-v02.api.letsencrypt.org:443 "POST /acme/new-order HTTP/1.1" 201 353
2025-12-12 08:25:24,678:DEBUG:acme.client:Received response:
HTTP 201
Server: nginx
Date: Fri, 12 Dec 2025 08:25:23 GMT
Content-Type: application/json
Content-Length: 353
Connection: keep-alive
Boulder-Requester: 2866812806
Cache-Control: public, max-age=0, no-cache
Link: <https://acme-v02.api.letsencrypt.org/directory>;rel="index"
Location: https://acme-v02.api.letsencrypt.org/acme/order/2866812806/458001854816
Replay-Nonce: x7oTDFDmKTg1RY6FYlRfSCV5ky3RNsEXrOWulU5JcCKxnun_AYk
X-Frame-Options: DENY
Strict-Transport-Security: max-age=604800

{
  "status": "pending",
  "expires": "2025-12-19T08:22:08Z",
  "identifiers": [
    {
      "type": "dns",
      "value": "*.summastoringen.nl"
    }
  ],
  "authorizations": [
    "https://acme-v02.api.letsencrypt.org/acme/authz/2866812806/626324437876"
  ],
  "finalize": "https://acme-v02.api.letsencrypt.org/acme/finalize/2866812806/458001854816"
}
2025-12-12 08:25:24,680:DEBUG:acme.client:Storing nonce: x7oTDFDmKTg1RY6FYlRfSCV5ky3RNsEXrOWulU5JcCKxnun_AYk
2025-12-12 08:25:24,683:DEBUG:acme.client:JWS payload:
b''
2025-12-12 08:25:24,686:DEBUG:acme.client:Sending POST request to https://acme-v02.api.letsencrypt.org/acme/authz/2866812806/626324437876:
{
  "protected": "eyJhbGciOiAiUlMyNTYiLCAia2lkIjogImh0dHBzOi8vYWNtZS12MDIuYXBpLmxldHNlbmNyeXB0Lm9yZy9hY21lL2FjY3QvMjg2NjgxMjgwNiIsICJub25jZSI6ICJ4N29UREZEbUtUZzFSWTZGWWxSZlNDVjVreTNSTnNFWHJPV3VsVTVKY0NLeG51bl9BWWsiLCAidXJsIjogImh0dHBzOi8vYWNtZS12MDIuYXBpLmxldHNlbmNyeXB0Lm9yZy9hY21lL2F1dGh6LzI4NjY4MTI4MDYvNjI2MzI0NDM3ODc2In0",
  "signature": "Sif32miF3QucIc4H7GXvv5Un0py1XwypXh8GfYUYxVBMxjUt8xD2T7V3riGjBgxJbPSx2NmrECFvNU91J4khXFEarzB2e5-ocSwJCEq6wn2h_pSpUrXWCDGAwidofX70WgPUVqU6d7fBy3u2ryRD7ZfxfnFP7Y6eogZQCJ8XgVWoUoMqU3QCczIChWOOY1c5BE2qblsZM43JAxsM7DYdw1sbAJUOpCpVqJibFC2NESxr4VG5yrLnftwsEjYt9pOkX8h2ZBw5e6iiV7VhQ52SUMuLmO6sqPNlW-2NwuVZXLsyBdHMgaHMDs0KGE0-RthKneQ7F8PrJ45a7Ptj2NtUKA",
  "payload": ""
}
2025-12-12 08:25:24,891:DEBUG:urllib3.connectionpool:https://acme-v02.api.letsencrypt.org:443 "POST /acme/authz/2866812806/626324437876 HTTP/1.1" 200 399
2025-12-12 08:25:24,895:DEBUG:acme.client:Received response:
HTTP 200
Server: nginx
Date: Fri, 12 Dec 2025 08:25:23 GMT
Content-Type: application/json
Content-Length: 399
Connection: keep-alive
Boulder-Requester: 2866812806
Cache-Control: public, max-age=0, no-cache
Link: <https://acme-v02.api.letsencrypt.org/directory>;rel="index"
Replay-Nonce: ZTffkyY9zHCBOeq3TZTJ9ZrA_ZSAw3nNswRKHnYfcMsMcd7K1iQ
X-Frame-Options: DENY
Strict-Transport-Security: max-age=604800

{
  "identifier": {
    "type": "dns",
    "value": "summastoringen.nl"
  },
  "status": "pending",
  "expires": "2025-12-19T08:22:08Z",
  "challenges": [
    {
      "type": "dns-01",
      "url": "https://acme-v02.api.letsencrypt.org/acme/chall/2866812806/626324437876/mILCfw",
      "status": "pending",
      "token": "4c0GV7DsEK9K7kLtb5B_IcOX4qYYEyJiV-V18Xd3Ids"
    }
  ],
  "wildcard": true
}
2025-12-12 08:25:24,898:DEBUG:acme.client:Storing nonce: ZTffkyY9zHCBOeq3TZTJ9ZrA_ZSAw3nNswRKHnYfcMsMcd7K1iQ
2025-12-12 08:25:24,902:INFO:certbot._internal.auth_handler:Performing the following challenges:
2025-12-12 08:25:24,906:INFO:certbot._internal.auth_handler:dns-01 challenge for summastoringen.nl
2025-12-12 08:25:24,952:DEBUG:urllib3.util.retry:Converted retries value: 5 -> Retry(total=5, connect=None, read=None, redirect=None, status=None)
2025-12-12 08:25:24,956:DEBUG:urllib3.connectionpool:Starting new HTTPS connection (1): api.cloudflare.com:443
2025-12-12 08:25:26,163:DEBUG:urllib3.connectionpool:https://api.cloudflare.com:443 "GET /client/v4/zones?name=summastoringen.nl&per_page=1 HTTP/1.1" 200 None
2025-12-12 08:25:27,031:DEBUG:urllib3.connectionpool:https://api.cloudflare.com:443 "GET /client/v4/zones?name=nl&per_page=1 HTTP/1.1" 200 None
2025-12-12 08:25:27,034:DEBUG:certbot._internal.error_handler:Encountered exception:
Traceback (most recent call last):
  File "/opt/certbot/lib/python3.11/site-packages/certbot/_internal/auth_handler.py", line 84, in handle_authorizations
    resps = self.auth.perform(achalls)
            ^^^^^^^^^^^^^^^^^^^^^^^^^^
  File "/opt/certbot/lib/python3.11/site-packages/certbot/plugins/dns_common.py", line 78, in perform
    self._perform(domain, validation_domain_name, validation)
  File "/opt/certbot/lib/python3.11/site-packages/certbot_dns_cloudflare/_internal/dns_cloudflare.py", line 75, in _perform
    self._get_cloudflare_client().add_txt_record(domain, validation_name, validation, self.ttl)
  File "/opt/certbot/lib/python3.11/site-packages/certbot_dns_cloudflare/_internal/dns_cloudflare.py", line 120, in add_txt_record
    zone_id = self._find_zone_id(domain)
              ^^^^^^^^^^^^^^^^^^^^^^^^^^
  File "/opt/certbot/lib/python3.11/site-packages/certbot_dns_cloudflare/_internal/dns_cloudflare.py", line 237, in _find_zone_id
    raise errors.PluginError('Unable to determine zone_id for {0} using zone names: '
certbot.errors.PluginError: Unable to determine zone_id for summastoringen.nl using zone names: ['summastoringen.nl', 'nl']. Please confirm that the domain name has been entered correctly and is already associated with the supplied Cloudflare account.

2025-12-12 08:25:27,036:DEBUG:certbot._internal.error_handler:Calling registered functions
2025-12-12 08:25:27,038:INFO:certbot._internal.auth_handler:Cleaning up challenges
2025-12-12 08:25:27,051:DEBUG:urllib3.util.retry:Converted retries value: 5 -> Retry(total=5, connect=None, read=None, redirect=None, status=None)
2025-12-12 08:25:27,057:DEBUG:urllib3.connectionpool:Starting new HTTPS connection (1): api.cloudflare.com:443
2025-12-12 08:25:28,012:DEBUG:urllib3.connectionpool:https://api.cloudflare.com:443 "GET /client/v4/zones?name=summastoringen.nl&per_page=1 HTTP/1.1" 200 None
2025-12-12 08:25:28,835:DEBUG:urllib3.connectionpool:https://api.cloudflare.com:443 "GET /client/v4/zones?name=nl&per_page=1 HTTP/1.1" 200 None
2025-12-12 08:25:28,838:DEBUG:certbot_dns_cloudflare._internal.dns_cloudflare:Encountered error finding zone_id during deletion: Unable to determine zone_id for summastoringen.nl using zone names: ['summastoringen.nl', 'nl']. Please confirm that the domain name has been entered correctly and is already associated with the supplied Cloudflare account.
2025-12-12 08:25:28,854:DEBUG:certbot._internal.log:Exiting abnormally:
Traceback (most recent call last):
  File "/opt/certbot/bin/certbot", line 7, in <module>
    sys.exit(main())
             ^^^^^^
  File "/opt/certbot/lib/python3.11/site-packages/certbot/main.py", line 18, in main
    return internal_main.main(cli_args)
           ^^^^^^^^^^^^^^^^^^^^^^^^^^^^
  File "/opt/certbot/lib/python3.11/site-packages/certbot/_internal/main.py", line 1850, in main
    return config.func(config, plugins)
           ^^^^^^^^^^^^^^^^^^^^^^^^^^^^
  File "/opt/certbot/lib/python3.11/site-packages/certbot/_internal/main.py", line 1562, in certonly
    lineage = _get_and_save_cert(le_client, config, domains, certname, lineage)
              ^^^^^^^^^^^^^^^^^^^^^^^^^^^^^^^^^^^^^^^^^^^^^^^^^^^^^^^^^^^^^^^^^
  File "/opt/certbot/lib/python3.11/site-packages/certbot/_internal/main.py", line 141, in _get_and_save_cert
    lineage = le_client.obtain_and_enroll_certificate(domains, certname)
              ^^^^^^^^^^^^^^^^^^^^^^^^^^^^^^^^^^^^^^^^^^^^^^^^^^^^^^^^^^
  File "/opt/certbot/lib/python3.11/site-packages/certbot/_internal/client.py", line 526, in obtain_and_enroll_certificate
    cert, chain, key, _ = self.obtain_certificate(domains)
                          ^^^^^^^^^^^^^^^^^^^^^^^^^^^^^^^^
  File "/opt/certbot/lib/python3.11/site-packages/certbot/_internal/client.py", line 427, in obtain_certificate
    orderr = self._get_order_and_authorizations(csr.data, self.config.allow_subset_of_names)
             ^^^^^^^^^^^^^^^^^^^^^^^^^^^^^^^^^^^^^^^^^^^^^^^^^^^^^^^^^^^^^^^^^^^^^^^^^^^^^^^
  File "/opt/certbot/lib/python3.11/site-packages/certbot/_internal/client.py", line 505, in _get_order_and_authorizations
    authzr = self.auth_handler.handle_authorizations(orderr, self.config, best_effort)
             ^^^^^^^^^^^^^^^^^^^^^^^^^^^^^^^^^^^^^^^^^^^^^^^^^^^^^^^^^^^^^^^^^^^^^^^^^
  File "/opt/certbot/lib/python3.11/site-packages/certbot/_internal/auth_handler.py", line 84, in handle_authorizations
    resps = self.auth.perform(achalls)
            ^^^^^^^^^^^^^^^^^^^^^^^^^^
  File "/opt/certbot/lib/python3.11/site-packages/certbot/plugins/dns_common.py", line 78, in perform
    self._perform(domain, validation_domain_name, validation)
  File "/opt/certbot/lib/python3.11/site-packages/certbot_dns_cloudflare/_internal/dns_cloudflare.py", line 75, in _perform
    self._get_cloudflare_client().add_txt_record(domain, validation_name, validation, self.ttl)
  File "/opt/certbot/lib/python3.11/site-packages/certbot_dns_cloudflare/_internal/dns_cloudflare.py", line 120, in add_txt_record
    zone_id = self._find_zone_id(domain)
              ^^^^^^^^^^^^^^^^^^^^^^^^^^
  File "/opt/certbot/lib/python3.11/site-packages/certbot_dns_cloudflare/_internal/dns_cloudflare.py", line 237, in _find_zone_id
    raise errors.PluginError('Unable to determine zone_id for {0} using zone names: '
certbot.errors.PluginError: Unable to determine zone_id for summastoringen.nl using zone names: ['summastoringen.nl', 'nl']. Please confirm that the domain name has been entered correctly and is already associated with the supplied Cloudflare account.
2025-12-12 08:25:28,860:ERROR:certbot._internal.log:Unable to determine zone_id for summastoringen.nl using zone names: ['summastoringen.nl', 'nl']. Please confirm that the domain name has been entered correctly and is already associated with the supplied Cloudflare account.
